// Vitest Snapshot v1, https://vitest.dev/guide/snapshot.html

exports[`FileExplorer component > matches snapshot 1`] = `
<div>
  <div
    class="relative w-full"
  >
    <div
      class="grid grid-cols-1 sm:grid-cols-2 xl:grid-cols-3 gap-6 md:gap-10 justify-items-center"
    >
      <div
        class="relative w-[320px] h-[240px] cursor-pointer group transition-transform duration-300 hover:scale-[1.02]"
      >
        <div
          class="absolute inset-0 translate-x-[10px] -translate-y-[8px] opacity-60 z-0 "
        >
          <div
            class="absolute top-[10px] left-0 w-[140px] h-[30px] bg-[#4a1028] rounded-t-xl 
          after:content-[''] 
          after:absolute after:right-[-30px] after:bottom-0 
          after:w-[40px] after:h-[30px] 
          after:bg-[#4a1028] 
          after:[clip-path:polygon(0_0,0%_100%,100%_100%)]
        "
          />
          <div
            class="
          absolute bottom-0 left-0 
          w-full h-[215px] 
          rounded-2xl rounded-tl-none
          bg-gradient-to-b from-[#4a1028] via-[#3a0c20] to-[#2a0718]
          border border-white/5
        "
          />
        </div>
        <div
          class="
          absolute top-[10px] left-0 
          w-[140px] h-[30px] 
          bg-[#631434] 
          rounded-t-xl
          z-20
          after:content-[''] 
          after:absolute after:right-[-30px] after:bottom-0 
          after:w-[40px] after:h-[30px] 
          after:bg-[#631434]
          after:[clip-path:polygon(0_0,0%_100%,100%_100%)]
        "
        />
        <div
          class="
          absolute bottom-0 left-0 
          w-full h-[215px] 
          rounded-2xl rounded-tl-none
          bg-gradient-to-b from-[#631434]/40 via-[#520e2a] to-[#3a0a1e]/40
          border border-white/10
          overflow-hidden
          z-10
        "
        />
      </div>
      <div
        class="relative w-[320px] h-[240px] cursor-pointer group transition-transform duration-300 hover:scale-[1.02]"
      >
        <div
          class="absolute inset-0 translate-x-[10px] -translate-y-[8px] opacity-60 z-0 "
        >
          <div
            class="absolute top-[10px] left-0 w-[140px] h-[30px] bg-[#4a1028] rounded-t-xl 
          after:content-[''] 
          after:absolute after:right-[-30px] after:bottom-0 
          after:w-[40px] after:h-[30px] 
          after:bg-[#4a1028] 
          after:[clip-path:polygon(0_0,0%_100%,100%_100%)]
        "
          />
          <div
            class="
          absolute bottom-0 left-0 
          w-full h-[215px] 
          rounded-2xl rounded-tl-none
          bg-gradient-to-b from-[#4a1028] via-[#3a0c20] to-[#2a0718]
          border border-white/5
        "
          />
        </div>
        <div
          class="
          absolute top-[10px] left-0 
          w-[140px] h-[30px] 
          bg-[#631434] 
          rounded-t-xl
          z-20
          after:content-[''] 
          after:absolute after:right-[-30px] after:bottom-0 
          after:w-[40px] after:h-[30px] 
          after:bg-[#631434]
          after:[clip-path:polygon(0_0,0%_100%,100%_100%)]
        "
        />
        <div
          class="
          absolute bottom-0 left-0 
          w-full h-[215px] 
          rounded-2xl rounded-tl-none
          bg-gradient-to-b from-[#631434]/40 via-[#520e2a] to-[#3a0a1e]/40
          border border-white/10
          overflow-hidden
          z-10
        "
        />
      </div>
      <div
        class="relative w-[320px] h-[240px] cursor-pointer group transition-transform duration-300 hover:scale-[1.02]"
      >
        <div
          class="absolute inset-0 translate-x-[10px] -translate-y-[8px] opacity-60 z-0 "
        >
          <div
            class="absolute top-[10px] left-0 w-[140px] h-[30px] bg-[#4a1028] rounded-t-xl 
          after:content-[''] 
          after:absolute after:right-[-30px] after:bottom-0 
          after:w-[40px] after:h-[30px] 
          after:bg-[#4a1028] 
          after:[clip-path:polygon(0_0,0%_100%,100%_100%)]
        "
          />
          <div
            class="
          absolute bottom-0 left-0 
          w-full h-[215px] 
          rounded-2xl rounded-tl-none
          bg-gradient-to-b from-[#4a1028] via-[#3a0c20] to-[#2a0718]
          border border-white/5
        "
          />
        </div>
        <div
          class="
          absolute top-[10px] left-0 
          w-[140px] h-[30px] 
          bg-[#631434] 
          rounded-t-xl
          z-20
          after:content-[''] 
          after:absolute after:right-[-30px] after:bottom-0 
          after:w-[40px] after:h-[30px] 
          after:bg-[#631434]
          after:[clip-path:polygon(0_0,0%_100%,100%_100%)]
        "
        />
        <div
          class="
          absolute bottom-0 left-0 
          w-full h-[215px] 
          rounded-2xl rounded-tl-none
          bg-gradient-to-b from-[#631434]/40 via-[#520e2a] to-[#3a0a1e]/40
          border border-white/10
          overflow-hidden
          z-10
        "
        />
      </div>
      <div
        class="relative w-[320px] h-[240px] cursor-pointer group transition-transform duration-300 hover:scale-[1.02]"
      >
        <div
          class="absolute inset-0 translate-x-[10px] -translate-y-[8px] opacity-60 z-0 "
        >
          <div
            class="absolute top-[10px] left-0 w-[140px] h-[30px] bg-[#4a1028] rounded-t-xl 
          after:content-[''] 
          after:absolute after:right-[-30px] after:bottom-0 
          after:w-[40px] after:h-[30px] 
          after:bg-[#4a1028] 
          after:[clip-path:polygon(0_0,0%_100%,100%_100%)]
        "
          />
          <div
            class="
          absolute bottom-0 left-0 
          w-full h-[215px] 
          rounded-2xl rounded-tl-none
          bg-gradient-to-b from-[#4a1028] via-[#3a0c20] to-[#2a0718]
          border border-white/5
        "
          />
        </div>
        <div
          class="
          absolute top-[10px] left-0 
          w-[140px] h-[30px] 
          bg-[#631434] 
          rounded-t-xl
          z-20
          after:content-[''] 
          after:absolute after:right-[-30px] after:bottom-0 
          after:w-[40px] after:h-[30px] 
          after:bg-[#631434]
          after:[clip-path:polygon(0_0,0%_100%,100%_100%)]
        "
        />
        <div
          class="
          absolute bottom-0 left-0 
          w-full h-[215px] 
          rounded-2xl rounded-tl-none
          bg-gradient-to-b from-[#631434]/40 via-[#520e2a] to-[#3a0a1e]/40
          border border-white/10
          overflow-hidden
          z-10
        "
        />
      </div>
      <div
        class="relative w-[320px] h-[240px] cursor-pointer group transition-transform duration-300 hover:scale-[1.02]"
      >
        <div
          class="absolute inset-0 translate-x-[10px] -translate-y-[8px] opacity-60 z-0 "
        >
          <div
            class="absolute top-[10px] left-0 w-[140px] h-[30px] bg-[#4a1028] rounded-t-xl 
          after:content-[''] 
          after:absolute after:right-[-30px] after:bottom-0 
          after:w-[40px] after:h-[30px] 
          after:bg-[#4a1028] 
          after:[clip-path:polygon(0_0,0%_100%,100%_100%)]
        "
          />
          <div
            class="
          absolute bottom-0 left-0 
          w-full h-[215px] 
          rounded-2xl rounded-tl-none
          bg-gradient-to-b from-[#4a1028] via-[#3a0c20] to-[#2a0718]
          border border-white/5
        "
          />
        </div>
        <div
          class="
          absolute top-[10px] left-0 
          w-[140px] h-[30px] 
          bg-[#631434] 
          rounded-t-xl
          z-20
          after:content-[''] 
          after:absolute after:right-[-30px] after:bottom-0 
          after:w-[40px] after:h-[30px] 
          after:bg-[#631434]
          after:[clip-path:polygon(0_0,0%_100%,100%_100%)]
        "
        />
        <div
          class="
          absolute bottom-0 left-0 
          w-full h-[215px] 
          rounded-2xl rounded-tl-none
          bg-gradient-to-b from-[#631434]/40 via-[#520e2a] to-[#3a0a1e]/40
          border border-white/10
          overflow-hidden
          z-10
        "
        />
      </div>
      <div
        class="relative w-[320px] h-[240px] cursor-pointer group transition-transform duration-300 hover:scale-[1.02]"
      >
        <div
          class="absolute inset-0 translate-x-[10px] -translate-y-[8px] opacity-60 z-0 "
        >
          <div
            class="absolute top-[10px] left-0 w-[140px] h-[30px] bg-[#4a1028] rounded-t-xl 
          after:content-[''] 
          after:absolute after:right-[-30px] after:bottom-0 
          after:w-[40px] after:h-[30px] 
          after:bg-[#4a1028] 
          after:[clip-path:polygon(0_0,0%_100%,100%_100%)]
        "
          />
          <div
            class="
          absolute bottom-0 left-0 
          w-full h-[215px] 
          rounded-2xl rounded-tl-none
          bg-gradient-to-b from-[#4a1028] via-[#3a0c20] to-[#2a0718]
          border border-white/5
        "
          />
        </div>
        <div
          class="
          absolute top-[10px] left-0 
          w-[140px] h-[30px] 
          bg-[#631434] 
          rounded-t-xl
          z-20
          after:content-[''] 
          after:absolute after:right-[-30px] after:bottom-0 
          after:w-[40px] after:h-[30px] 
          after:bg-[#631434]
          after:[clip-path:polygon(0_0,0%_100%,100%_100%)]
        "
        />
        <div
          class="
          absolute bottom-0 left-0 
          w-full h-[215px] 
          rounded-2xl rounded-tl-none
          bg-gradient-to-b from-[#631434]/40 via-[#520e2a] to-[#3a0a1e]/40
          border border-white/10
          overflow-hidden
          z-10
        "
        />
      </div>
    </div>
  </div>
</div>
`;
